             VMA              LMA     Size Align Out     In      Symbol
             270              270       98     4 .note.android.ident
             270              270       98     4         /home/huzaifa/Android/Sdk/ndk/27.0.11718014/toolchains/llvm/prebuilt/linux-x86_64/bin/../sysroot/usr/lib/aarch64-linux-android/33/crtbegin_so.o:(.note.android.ident)
             270              270       98     1                 note_android_ident
             270              270        0     1                 $d.0
             27c              27c        0     1                 note_name
             284              284        0     1                 note_data
             288              288        0     1                 ndk_version
             2c8              2c8        0     1                 ndk_build_number
             308              308        0     1                 note_end
             308              308      a08     8 .dynsym
             308              308      a08     8         <internal>:(.dynsym)
             d10              d10       d6     2 .gnu.version
             d10              d10       d6     2         <internal>:(.gnu.version)
             de8              de8       20     4 .gnu.version_r
             de8              de8       20     4         <internal>:(.gnu.version_r)
             e08              e08       20     8 .gnu.hash
             e08              e08       20     8         <internal>:(.gnu.hash)
             e28              e28      6e6     1 .dynstr
             e28              e28      6e6     1         <internal>:(.dynstr)
            1510             1510       90     8 .rela.dyn
            1510             1510       90     8         <internal>:(.rela.dyn)
            15a0             15a0      9a8     8 .rela.plt
            15a0             15a0      9a8     8         <internal>:(.rela.plt)
            1f48             1f48     1369     8 .rodata
            1f48             1f48        8     8         <internal>:(.rodata.cst8)
            1f50             1f50        4     4         <internal>:(.rodata.cst4)
            1f54             1f54      b8e     1         <internal>:(.rodata.str1.1)
            2ae4             2ae4       44     4         /tmp/test-3486ec.o:(.rodata.config_attribute_list)
            2ae4             2ae4       44     1                 config_attribute_list
            2ae4             2ae4        0     1                 $d.88
            2b28             2b28        c     4         /tmp/test-3486ec.o:(.rodata.context_attribute_list)
            2b28             2b28        c     1                 context_attribute_list
            2b28             2b28        0     1                 $d.90
            2b34             2b34      200     2         /tmp/test-3486ec.o:(.rodata.RawdrawFontCharMap)
            2b34             2b34        0     1                 $d.95
            2b34             2b34      200     1                 RawdrawFontCharMap
            2d34             2d34      57d     1         /tmp/test-3486ec.o:(.rodata.RawdrawFontCharData)
            2d34             2d34        0     1                 $d.96
            2d34             2d34      57d     1                 RawdrawFontCharData
            32b4             32b4      1d4     4 .eh_frame_hdr
            32b4             32b4      1d4     4         <internal>:(.eh_frame_hdr)
            3488             3488      a64     8 .eh_frame
            3488             3488       90     1         /home/huzaifa/Android/Sdk/ndk/27.0.11718014/toolchains/llvm/prebuilt/linux-x86_64/bin/../sysroot/usr/lib/aarch64-linux-android/33/crtbegin_so.o:(.eh_frame+0x0)
            3518             3518       cc     1         /tmp/test-3486ec.o:(.eh_frame+0x28)
            35e4             35e4       48     1         /tmp/test-3486ec.o:(.eh_frame+0x11c)
            362c             362c      1d0     1         /tmp/test-3486ec.o:(.eh_frame+0x18c)
            37fc             37fc       34     1         /tmp/test-3486ec.o:(.eh_frame+0x410)
            3830             3830       90     1         /tmp/test-3486ec.o:(.eh_frame+0x4a4)
            38c0             38c0       54     1         /tmp/test-3486ec.o:(.eh_frame+0x548)
            3914             3914       8c     1         /tmp/test-3486ec.o:(.eh_frame+0x5e4)
            39a0             39a0       28     1         /tmp/test-3486ec.o:(.eh_frame+0x778)
            39c8             39c8       18     1         /tmp/test-3486ec.o:(.eh_frame+0xb28)
            39e0             39e0       f4     1         /tmp/android_native_app_glue-37e9cb.o:(.eh_frame+0x14)
            3ad4             3ad4      270     1         /tmp/android_native_app_glue-37e9cb.o:(.eh_frame+0x11c)
            3d44             3d44      1a4     1         /tmp/android_native_app_glue-37e9cb.o:(.eh_frame+0x3b4)
            4eec             4eec     2b4c     4 .text
            4eec             4eec       60     4         /home/huzaifa/Android/Sdk/ndk/27.0.11718014/toolchains/llvm/prebuilt/linux-x86_64/bin/../sysroot/usr/lib/aarch64-linux-android/33/crtbegin_so.o:(.text)
            4eec             4eec       10     1                 __on_dlclose
            4eec             4eec        0     1                 $x.1
            4efc             4efc        8     1                 __emutls_unregister_key
            4f04             4f04        8     1                 __on_dlclose_late
            4f0c             4f0c       14     1                 __atexit_handler_wrapper
            4f20             4f20       1c     1                 atexit
            4f3c             4f3c       10     1                 pthread_atfork
            4f4c             4f4c       f0     4         /tmp/test-3486ec.o:(.text.CNFGSwapBuffers)
            4f4c             4f4c        0     1                 $x.1
            4f4c             4f4c       f0     1                 CNFGSwapBuffers
            503c             503c       8c     4         /tmp/test-3486ec.o:(.text.CNFGInternalResize)
            503c             503c        0     1                 $x.2
            503c             503c       8c     1                 CNFGInternalResize
            50c8             50c8       50     4         /tmp/test-3486ec.o:(.text.CNFGGetDimensions)
            50c8             50c8        0     1                 $x.3
            50c8             50c8       50     1                 CNFGGetDimensions
            5118             5118      35c     4         /tmp/test-3486ec.o:(.text.CNFGSetup)
            5118             5118        0     1                 $x.4
            5118             5118      35c     1                 CNFGSetup
            5474             5474      1f4     4         /tmp/test-3486ec.o:(.text.handle_input)
            5474             5474        0     1                 $x.6
            5474             5474      1f4     1                 handle_input
            5668             5668      128     4         /tmp/test-3486ec.o:(.text.AndroidGetUnicodeChar)
            5668             5668        0     1                 $x.9
            5668             5668      128     1                 AndroidGetUnicodeChar
            5790             5790       40     4         /tmp/test-3486ec.o:(.text.HandleKey)
            5790             5790        0     1                 $x.10
            5790             5790       40     1                 HandleKey
            57d0             57d0       70     4         /tmp/test-3486ec.o:(.text.CNFGHandleInput)
            57d0             57d0        0     1                 $x.11
            57d0             57d0       70     1                 CNFGHandleInput
            5840             5840      16c     4         /tmp/test-3486ec.o:(.text.handle_cmd)
            5840             5840        0     1                 $x.12
            5840             5840      16c     1                 handle_cmd
            59ac             59ac       78     4         /tmp/test-3486ec.o:(.text.android_main)
            59ac             59ac        0     1                 $x.13
            59ac             59ac       78     1                 android_main
            5a24             5a24      32c     4         /tmp/test-3486ec.o:(.text.main)
            5a24             5a24        0     1                 $x.16
            5a24             5a24      32c     1                 main
            5d50             5d50      488     4         /tmp/test-3486ec.o:(.text.AndroidMakeFullscreen)
            5d50             5d50        0     1                 $x.17
            5d50             5d50      488     1                 AndroidMakeFullscreen
            61d8             61d8      314     4         /tmp/test-3486ec.o:(.text.AndroidDisplayKeyboard)
            61d8             61d8        0     1                 $x.18
            61d8             61d8      314     1                 AndroidDisplayKeyboard
            64ec             64ec       d0     4         /tmp/test-3486ec.o:(.text.AndroidSendToBack)
            64ec             64ec        0     1                 $x.22
            64ec             64ec       d0     1                 AndroidSendToBack
            65bc             65bc       a8     4         /tmp/test-3486ec.o:(.text.CNFGTackSegment)
            65bc             65bc        0     1                 $x.26
            65bc             65bc       a8     1                 CNFGTackSegment
            6664             6664      174     4         /tmp/test-3486ec.o:(.text.CNFGDrawText)
            6664             6664        0     1                 $x.27
            6664             6664      174     1                 CNFGDrawText
            67d8             67d8       4c     4         /tmp/test-3486ec.o:(.text.CNFGTackPixel)
            67d8             67d8        0     1                 $x.28
            67d8             67d8       4c     1                 CNFGTackPixel
            6824             6824       d4     4         /tmp/test-3486ec.o:(.text.EmitQuad)
            6824             6824       d4     1                 EmitQuad
            6824             6824        0     1                 $x.30
            68f8             68f8      244     4         /tmp/test-3486ec.o:(.text.CNFGGLInternalLoadShader)
            68f8             68f8        0     1                 $x.33
            68f8             68f8      244     1                 CNFGGLInternalLoadShader
            6b3c             6b3c      104     4         /tmp/test-3486ec.o:(.text.CNFGSetupBatchInternal)
            6b3c             6b3c        0     1                 $x.34
            6b3c             6b3c      104     1                 CNFGSetupBatchInternal
            6c40             6c40       bc     4         /tmp/test-3486ec.o:(.text.CNFGEmitBackendTriangles)
            6c40             6c40        0     1                 $x.35
            6c40             6c40       bc     1                 CNFGEmitBackendTriangles
            6cfc             6cfc       60     4         /tmp/test-3486ec.o:(.text.CNFGClearFrame)
            6cfc             6cfc        0     1                 $x.42
            6cfc             6cfc       60     1                 CNFGClearFrame
            6d5c             6d5c       10     4         /tmp/test-3486ec.o:(.text.HandleThisWindowTermination)
            6d5c             6d5c        0     1                 $x.75
            6d5c             6d5c       10     1                 HandleThisWindowTermination
            6d6c             6d6c       60     4         /tmp/android_native_app_glue-37e9cb.o:(.text.android_app_read_cmd)
            6d6c             6d6c        0     1                 $x.0
            6d6c             6d6c       60     1                 android_app_read_cmd
            6dcc             6dcc       3c     4         /tmp/android_native_app_glue-37e9cb.o:(.text.free_saved_state)
            6dcc             6dcc       3c     1                 free_saved_state
            6dcc             6dcc        0     1                 $x.1
            6e08             6e08      160     4         /tmp/android_native_app_glue-37e9cb.o:(.text.android_app_pre_exec_cmd)
            6e08             6e08        0     1                 $x.2
            6e08             6e08      160     1                 android_app_pre_exec_cmd
            6f68             6f68       9c     4         /tmp/android_native_app_glue-37e9cb.o:(.text.android_app_post_exec_cmd)
            6f68             6f68        0     1                 $x.3
            6f68             6f68       9c     1                 android_app_post_exec_cmd
            7004             7004      284     4         /tmp/android_native_app_glue-37e9cb.o:(.text.ANativeActivity_onCreate)
            7004             7004        0     1                 $x.5
            7004             7004      284     1                 ANativeActivity_onCreate
            7288             7288       88     4         /tmp/android_native_app_glue-37e9cb.o:(.text.onDestroy)
            7288             7288       88     1                 onDestroy
            7288             7288        0     1                 $x.6
            7310             7310       34     4         /tmp/android_native_app_glue-37e9cb.o:(.text.onStart)
            7310             7310       34     1                 onStart
            7310             7310        0     1                 $x.7
            7344             7344       34     4         /tmp/android_native_app_glue-37e9cb.o:(.text.onResume)
            7344             7344       34     1                 onResume
            7344             7344        0     1                 $x.8
            7378             7378       90     4         /tmp/android_native_app_glue-37e9cb.o:(.text.onSaveInstanceState)
            7378             7378       90     1                 onSaveInstanceState
            7378             7378        0     1                 $x.9
            7408             7408       34     4         /tmp/android_native_app_glue-37e9cb.o:(.text.onPause)
            7408             7408       34     1                 onPause
            7408             7408        0     1                 $x.10
            743c             743c       34     4         /tmp/android_native_app_glue-37e9cb.o:(.text.onStop)
            743c             743c       34     1                 onStop
            743c             743c        0     1                 $x.11
            7470             7470       34     4         /tmp/android_native_app_glue-37e9cb.o:(.text.onConfigurationChanged)
            7470             7470       34     1                 onConfigurationChanged
            7470             7470        0     1                 $x.12
            74a4             74a4       34     4         /tmp/android_native_app_glue-37e9cb.o:(.text.onLowMemory)
            74a4             74a4       34     1                 onLowMemory
            74a4             74a4        0     1                 $x.13
            74d8             74d8       44     4         /tmp/android_native_app_glue-37e9cb.o:(.text.onWindowFocusChanged)
            74d8             74d8       44     1                 onWindowFocusChanged
            74d8             74d8        0     1                 $x.14
            751c             751c       3c     4         /tmp/android_native_app_glue-37e9cb.o:(.text.onNativeWindowCreated)
            751c             751c       3c     1                 onNativeWindowCreated
            751c             751c        0     1                 $x.15
            7558             7558       38     4         /tmp/android_native_app_glue-37e9cb.o:(.text.onNativeWindowDestroyed)
            7558             7558       38     1                 onNativeWindowDestroyed
            7558             7558        0     1                 $x.16
            7590             7590       3c     4         /tmp/android_native_app_glue-37e9cb.o:(.text.onInputQueueCreated)
            7590             7590       3c     1                 onInputQueueCreated
            7590             7590        0     1                 $x.17
            75cc             75cc       38     4         /tmp/android_native_app_glue-37e9cb.o:(.text.onInputQueueDestroyed)
            75cc             75cc       38     1                 onInputQueueDestroyed
            75cc             75cc        0     1                 $x.18
            7604             7604       14     4         /tmp/android_native_app_glue-37e9cb.o:(.text.onNativeWindowRedrawNeeded)
            7604             7604       14     1                 onNativeWindowRedrawNeeded
            7604             7604        0     1                 $x.19
            7618             7618       58     4         /tmp/android_native_app_glue-37e9cb.o:(.text.android_app_write_cmd)
            7618             7618       58     1                 android_app_write_cmd
            7618             7618        0     1                 $x.21
            7670             7670       60     4         /tmp/android_native_app_glue-37e9cb.o:(.text.android_app_set_activity_state)
            7670             7670       60     1                 android_app_set_activity_state
            7670             7670        0     1                 $x.22
            76d0             76d0       88     4         /tmp/android_native_app_glue-37e9cb.o:(.text.android_app_set_window)
            76d0             76d0       88     1                 android_app_set_window
            76d0             76d0        0     1                 $x.23
            7758             7758       5c     4         /tmp/android_native_app_glue-37e9cb.o:(.text.android_app_set_input)
            7758             7758       5c     1                 android_app_set_input
            7758             7758        0     1                 $x.24
            77b4             77b4       90     4         /tmp/android_native_app_glue-37e9cb.o:(.text.debug_capture_thread_fn)
            77b4             77b4       90     1                 debug_capture_thread_fn
            77b4             77b4        0     1                 $x.25
            7844             7844       3c     4         /tmp/android_native_app_glue-37e9cb.o:(.text.process_ui)
            7844             7844       3c     1                 process_ui
            7844             7844        0     1                 $x.26
            7880             7880       f8     4         /tmp/android_native_app_glue-37e9cb.o:(.text.android_app_entry)
            7880             7880       f8     1                 android_app_entry
            7880             7880        0     1                 $x.27
            7978             7978       4c     4         /tmp/android_native_app_glue-37e9cb.o:(.text.process_cmd)
            7978             7978       4c     1                 process_cmd
            7978             7978        0     1                 $x.28
            79c4             79c4       74     4         /tmp/android_native_app_glue-37e9cb.o:(.text.process_input)
            79c4             79c4       74     1                 process_input
            79c4             79c4        0     1                 $x.29
            7a40             7a40      690    16 .plt
            7a40             7a40      690    16         <internal>:(.plt)
            90d0             90d0        8     8 .data.rel.ro
            90d0             90d0        8     8         /home/huzaifa/Android/Sdk/ndk/27.0.11718014/toolchains/llvm/prebuilt/linux-x86_64/bin/../sysroot/usr/lib/aarch64-linux-android/33/crtbegin_so.o:(.data.rel.ro)
            90d0             90d0        0     1                 $d.2
            90d0             90d0        8     1                 __dso_handle
            90d8             90d8       10     8 .fini_array
            90d8             90d8        8     8         /home/huzaifa/Android/Sdk/ndk/27.0.11718014/toolchains/llvm/prebuilt/linux-x86_64/bin/../sysroot/usr/lib/aarch64-linux-android/33/crtbegin_so.o:(.fini_array.0)
            90d8             90d8        0     1                 $d.3
            90e0             90e0        8     8         /home/huzaifa/Android/Sdk/ndk/27.0.11718014/toolchains/llvm/prebuilt/linux-x86_64/bin/../sysroot/usr/lib/aarch64-linux-android/33/crtbegin_so.o:(.fini_array)
            90e0             90e0        0     1                 $d.4
            90e8             90e8      1d0     8 .dynamic
            90e8             90e8      1d0     8         <internal>:(.dynamic)
            92b8             92b8       18     8 .got
            92b8             92b8       18     8         <internal>:(.got)
            92d0             92d0      350     8 .got.plt
            92d0             92d0      350     8         <internal>:(.got.plt)
            9620             9620      9e0     1 .relro_padding
            9620             9620        0     1         <internal>:(.relro_padding)
            a620             a620       20     4 .data
            a620             a620        4     4         /tmp/test-3486ec.o:(.data.window_attribute_list)
            a620             a620        4     1                 window_attribute_list
            a620             a620        0     1                 $d.92
            a624             a624        4     4         /tmp/test-3486ec.o:(.data.wgl_last_width_over_2)
            a624             a624        4     1                 wgl_last_width_over_2
            a624             a624        0     1                 $d.101
            a628             a628        4     4         /tmp/test-3486ec.o:(.data.gRDShaderProg)
            a628             a628        0     1                 $d.105
            a628             a628        4     1                 gRDShaderProg
            a62c             a62c        4     4         /tmp/test-3486ec.o:(.data.gRDBlitProg)
            a62c             a62c        0     1                 $d.106
            a62c             a62c        4     1                 gRDBlitProg
            a630             a630        4     4         /tmp/test-3486ec.o:(.data.gRDShaderProgUX)
            a630             a630        0     1                 $d.107
            a630             a630        4     1                 gRDShaderProgUX
            a634             a634        4     4         /tmp/test-3486ec.o:(.data.gRDBlitProgUX)
            a634             a634        0     1                 $d.108
            a634             a634        4     1                 gRDBlitProgUX
            a638             a638        4     4         /tmp/test-3486ec.o:(.data.gRDBlitProgUT)
            a638             a638        0     1                 $d.109
            a638             a638        4     1                 gRDBlitProgUT
            a63c             a63c        4     4         /tmp/test-3486ec.o:(.data.gRDBlitProgTex)
            a63c             a63c        0     1                 $d.110
            a63c             a63c        4     1                 gRDBlitProgTex
            a640             a640    200d8     8 .bss
            a640             a640        4     4         /tmp/test-3486ec.o:(.bss.override_android_screen_dimensons)
            a640             a640        0     1                 $d.78
            a640             a640        4     1                 override_android_screen_dimensons
            a648             a648        8     8         /tmp/test-3486ec.o:(.bss.egl_display)
            a648             a648        0     1                 $d.79
            a648             a648        8     1                 egl_display
            a650             a650        8     8         /tmp/test-3486ec.o:(.bss.egl_surface)
            a650             a650        0     1                 $d.80
            a650             a650        8     1                 egl_surface
            a658             a658        8     8         /tmp/test-3486ec.o:(.bss.native_window)
            a658             a658        0     1                 $d.81
            a658             a658        8     1                 native_window
            a660             a660        4     4         /tmp/test-3486ec.o:(.bss.android_width)
            a660             a660        0     1                 $d.82
            a660             a660        4     1                 android_width
            a664             a664        4     4         /tmp/test-3486ec.o:(.bss.android_height)
            a664             a664        0     1                 $d.83
            a664             a664        4     1                 android_height
            a668             a668        2     4         /tmp/test-3486ec.o:(.bss.iLastInternalW)
            a668             a668        2     1                 iLastInternalW
            a668             a668        0     1                 $d.84
            a66c             a66c        2     4         /tmp/test-3486ec.o:(.bss.iLastInternalH)
            a66c             a66c        2     1                 iLastInternalH
            a66c             a66c        0     1                 $d.85
            a670             a670        1     4         /tmp/test-3486ec.o:(.bss.OGLESStarted)
            a670             a670        1     1                 OGLESStarted
            a670             a670        0     1                 $d.86
            a678             a678        8     8         /tmp/test-3486ec.o:(.bss.egl_config)
            a678             a678        0     1                 $d.89
            a678             a678        8     1                 egl_config
            a680             a680        8     8         /tmp/test-3486ec.o:(.bss.egl_context)
            a680             a680        0     1                 $d.91
            a680             a680        8     1                 egl_context
            a688             a688        8     8         /tmp/test-3486ec.o:(.bss.HandleCustomEventCallback)
            a688             a688        0     1                 $d.93
            a688             a688        8     1                 HandleCustomEventCallback
            a690             a690        4     4         /tmp/test-3486ec.o:(.bss.android_sdk_version)
            a690             a690        0     1                 $d.94
            a690             a690        4     1                 android_sdk_version
            a694             a694        4     4         /tmp/test-3486ec.o:(.bss.CNFGLastColor)
            a694             a694        0     1                 $d.97
            a694             a694        4     1                 CNFGLastColor
            a698             a698        4     4         /tmp/test-3486ec.o:(.bss.CNFGPenX)
            a698             a698        0     1                 $d.99
            a698             a698        4     1                 CNFGPenX
            a69c             a69c        4     4         /tmp/test-3486ec.o:(.bss.CNFGPenY)
            a69c             a69c        0     1                 $d.100
            a69c             a69c        4     1                 CNFGPenY
            a6a0             a6a0        4     4         /tmp/test-3486ec.o:(.bss.CNFGVertPlace)
            a6a0             a6a0        0     1                 $d.102
            a6a0             a6a0        4     1                 CNFGVertPlace
            a6a4             a6a4    18000     4         /tmp/test-3486ec.o:(.bss.CNFGVertDataV)
            a6a4             a6a4        0     1                 $d.103
            a6a4             a6a4    18000     1                 CNFGVertDataV
           226a4            226a4     8000     4         /tmp/test-3486ec.o:(.bss.CNFGVertDataC)
           226a4            226a4        0     1                 $d.104
           226a4            226a4     8000     1                 CNFGVertDataC
           2a6a4            2a6a4        4     4         /tmp/test-3486ec.o:(.bss.gRDLastResizeW)
           2a6a4            2a6a4        0     1                 $d.111
           2a6a4            2a6a4        4     1                 gRDLastResizeW
           2a6a8            2a6a8        4     4         /tmp/test-3486ec.o:(.bss.gRDLastResizeH)
           2a6a8            2a6a8        0     1                 $d.112
           2a6a8            2a6a8        4     1                 gRDLastResizeH
           2a6ac            2a6ac        4     4         /tmp/test-3486ec.o:(.bss.CNFGBGColor)
           2a6ac            2a6ac        0     1                 $d.114
           2a6ac            2a6ac        4     1                 CNFGBGColor
           2a6b0            2a6b0        4     4         /tmp/test-3486ec.o:(.bss.frames)
           2a6b0            2a6b0        0     1                 $d.123
           2a6b0            2a6b0        4     1                 frames
           2a6b8            2a6b8        8     8         /tmp/test-3486ec.o:(.bss.iframeno)
           2a6b8            2a6b8        0     1                 $d.124
           2a6b8            2a6b8        8     1                 iframeno
           2a6c0            2a6c0        4     4         /tmp/test-3486ec.o:(.bss.lastbuttonx)
           2a6c0            2a6c0        0     1                 $d.125
           2a6c0            2a6c0        4     1                 lastbuttonx
           2a6c4            2a6c4        4     4         /tmp/test-3486ec.o:(.bss.lastbuttony)
           2a6c4            2a6c4        0     1                 $d.126
           2a6c4            2a6c4        4     1                 lastbuttony
           2a6c8            2a6c8        4     4         /tmp/test-3486ec.o:(.bss.lastmotionx)
           2a6c8            2a6c8        0     1                 $d.127
           2a6c8            2a6c8        4     1                 lastmotionx
           2a6cc            2a6cc        4     4         /tmp/test-3486ec.o:(.bss.lastmotiony)
           2a6cc            2a6cc        0     1                 $d.128
           2a6cc            2a6cc        4     1                 lastmotiony
           2a6d0            2a6d0        4     4         /tmp/test-3486ec.o:(.bss.lastbid)
           2a6d0            2a6d0        0     1                 $d.129
           2a6d0            2a6d0        4     1                 lastbid
           2a6d4            2a6d4        4     4         /tmp/test-3486ec.o:(.bss.lastmask)
           2a6d4            2a6d4        0     1                 $d.130
           2a6d4            2a6d4        4     1                 lastmask
           2a6d8            2a6d8        4     4         /tmp/test-3486ec.o:(.bss.lastkey)
           2a6d8            2a6d8        0     1                 $d.131
           2a6d8            2a6d8        4     1                 lastkey
           2a6dc            2a6dc        4     4         /tmp/test-3486ec.o:(.bss.lastkeydown)
           2a6dc            2a6dc        0     1                 $d.132
           2a6dc            2a6dc        4     1                 lastkeydown
           2a6e0            2a6e0        4     4         /tmp/test-3486ec.o:(.bss.keyboard_up)
           2a6e0            2a6e0        4     1                 keyboard_up
           2a6e0            2a6e0        0     1                 $d.133
           2a6e4            2a6e4        8     1         /tmp/test-3486ec.o:(.bss.buttonstate)
           2a6e4            2a6e4        0     1                 $d.134
           2a6e4            2a6e4        8     1                 buttonstate
           2a6ec            2a6ec        4     4         /tmp/test-3486ec.o:(.bss.suspended)
           2a6ec            2a6ec        0     1                 $d.135
           2a6ec            2a6ec        4     1                 suspended
           2a6f0            2a6f0        8     8         /tmp/test-3486ec.o:(.bss.HandleWindowTermination)
           2a6f0            2a6f0        0     1                 $d.136
           2a6f0            2a6f0        8     1                 HandleWindowTermination
           2a6f8            2a6f8        2     4         /tmp/test-3486ec.o:(.bss.screenx)
           2a6f8            2a6f8        0     1                 $d.137
           2a6f8            2a6f8        2     1                 screenx
           2a6fc            2a6fc        2     4         /tmp/test-3486ec.o:(.bss.screeny)
           2a6fc            2a6fc        0     1                 $d.138
           2a6fc            2a6fc        2     1                 screeny
           2a700            2a700        8     8         /tmp/android_native_app_glue-37e9cb.o:(.bss.gapp)
           2a700            2a700        0     1                 $d.31
           2a700            2a700        8     1                 gapp
           2a708            2a708        8     8         /tmp/android_native_app_glue-37e9cb.o:(.bss.debug_capture_thread)
           2a708            2a708        0     1                 $d.32
           2a708            2a708        8     1                 debug_capture_thread
           2a710            2a710        8     4         /tmp/android_native_app_glue-37e9cb.o:(.bss.pfd)
           2a710            2a710        8     1                 pfd
           2a710            2a710        0     1                 $d.33
               0                0       cb     1 .comment
               0                0       cb     1         <internal>:(.comment)
               0                0       e7     1 .shstrtab
               0                0       e7     1         <internal>:(.shstrtab)
